// Jest Snapshot v1, https://goo.gl/fbAQLP

exports[`render Comment component 1`] = `
<section
  className="catalog"
>
  <h2
    className="catalog__title visually-hidden"
  >
    Catalog
  </h2>
  <ul
    className="catalog__genres-list"
  >
    <li
      className="catalog__genres-item false"
    >
      <a
        className="catalog__genres-link"
        href="#"
        onClick={[Function]}
      >
        All genre
      </a>
    </li>
    <li
      className="catalog__genres-item false"
    >
      <a
        className="catalog__genres-link"
        href="#"
        onClick={[Function]}
      >
        Drama
      </a>
    </li>
    <li
      className="catalog__genres-item catalog__genres-item--active"
    >
      <a
        className="catalog__genres-link"
        href="#"
        onClick={[Function]}
      >
        Action
      </a>
    </li>
  </ul>
  <div
    className="catalog__movies-list"
  >
    <article
      className="small-movie-card catalog__movies-card"
      onClick={[Function]}
      onMouseEnter={[Function]}
      onMouseLeave={[Function]}
    >
      <div
        className="small-movie-card__image"
      >
        <video
          className="player__video"
          height="175px"
          loop={true}
          poster="img/macbeth.jpg"
          width="280px"
        />
      </div>
      <h3
        className="small-movie-card__title"
      >
        <a
          className="small-movie-card__link"
          href="/film/3"
          onClick={[Function]}
        >
          Title2
        </a>
      </h3>
    </article>
  </div>
</section>
`;
