// Jest Snapshot v1, https://goo.gl/fbAQLP

exports[`Render MovieList 1`] = `
<div
  className="catalog__movies-list"
>
  <article
    className="small-movie-card catalog__movies-card"
    onClick={[Function]}
    onMouseEnter={[Function]}
    onMouseLeave={[Function]}
  >
    <div
      className="small-movie-card__image"
    >
      <video
        className="player__video"
        height="175px"
        loop={true}
        muted={true}
        poster="img/fantastic-beasts-the-crimes-of-grindelwald.jpg"
        width="280px"
      />
    </div>
    <h3
      className="small-movie-card__title"
    >
      <a
        className="small-movie-card__link"
        href="/film/1"
        onClick={[Function]}
      >
        Fantastic Beasts
      </a>
    </h3>
  </article>
  <article
    className="small-movie-card catalog__movies-card"
    onClick={[Function]}
    onMouseEnter={[Function]}
    onMouseLeave={[Function]}
  >
    <div
      className="small-movie-card__image"
    >
      <video
        className="player__video"
        height="175px"
        loop={true}
        muted={true}
        poster="img/bohemian-rhapsody.jpg"
        width="280px"
      />
    </div>
    <h3
      className="small-movie-card__title"
    >
      <a
        className="small-movie-card__link"
        href="/film/2"
        onClick={[Function]}
      >
        Title
      </a>
    </h3>
  </article>
</div>
`;

exports[`Render MovieList more like 1`] = `
<div
  className="catalog__movies-list"
>
  <article
    className="small-movie-card catalog__movies-card"
    onClick={[Function]}
    onMouseEnter={[Function]}
    onMouseLeave={[Function]}
  >
    <div
      className="small-movie-card__image"
    >
      <video
        className="player__video"
        height="175px"
        loop={true}
        muted={true}
        poster="img/bohemian-rhapsody.jpg"
        width="280px"
      />
    </div>
    <h3
      className="small-movie-card__title"
    >
      <a
        className="small-movie-card__link"
        href="/film/2"
        onClick={[Function]}
      >
        Title
      </a>
    </h3>
  </article>
</div>
`;

exports[`Render MovieList with loadMoreButton 1`] = `
Array [
  <div
    className="catalog__movies-list"
  >
    <article
      className="small-movie-card catalog__movies-card"
      onClick={[Function]}
      onMouseEnter={[Function]}
      onMouseLeave={[Function]}
    >
      <div
        className="small-movie-card__image"
      >
        <video
          className="player__video"
          height="175px"
          loop={true}
          muted={true}
          poster="img/fantastic-beasts-the-crimes-of-grindelwald.jpg"
          width="280px"
        />
      </div>
      <h3
        className="small-movie-card__title"
      >
        <a
          className="small-movie-card__link"
          href="/film/1"
          onClick={[Function]}
        >
          Fantastic Beasts
        </a>
      </h3>
    </article>
    <article
      className="small-movie-card catalog__movies-card"
      onClick={[Function]}
      onMouseEnter={[Function]}
      onMouseLeave={[Function]}
    >
      <div
        className="small-movie-card__image"
      >
        <video
          className="player__video"
          height="175px"
          loop={true}
          muted={true}
          poster="img/bohemian-rhapsody.jpg"
          width="280px"
        />
      </div>
      <h3
        className="small-movie-card__title"
      >
        <a
          className="small-movie-card__link"
          href="/film/2"
          onClick={[Function]}
        >
          Title
        </a>
      </h3>
    </article>
  </div>,
  <div
    className="catalog__more"
  >
    <button
      className="catalog__button"
      onClick={[Function]}
      type="button"
    >
      Show more
    </button>
  </div>,
]
`;
