// Jest Snapshot v1, https://goo.gl/fbAQLP

exports[`Render VideoPlayer 1`] = `
<video
  className="player__video"
  height="175"
  loop={true}
  muted={true}
  width="280px"
/>
`;
