// Jest Snapshot v1, https://goo.gl/fbAQLP

exports[`Render SmallMovieCard 1`] = `
<article
  className="small-movie-card catalog__movies-card"
  onClick={[Function]}
  onMouseEnter={[Function]}
  onMouseLeave={[Function]}
>
  <div
    className="small-movie-card__image"
  />
  <h3
    className="small-movie-card__title"
  >
    <a
      className="small-movie-card__link"
      href="/film/2"
      onClick={[Function]}
    >
      Title
    </a>
  </h3>
</article>
`;
